
<!DOCTYPE html>
<html lang="en">
<head>
    <title>Bloggers World</title>
    <meta charste="UTF-8"/>
    <meta name="description" content="Wow, like and subscribe, it really helps the channel guys" lang="en"/>
</head>
<body>
<nav role="navigation">
    <div>
        <h1>Budding Gopher's blog</h1>
        <ul>
            <li><a href="/">home</a></li>
            <li><a href="about">about</a></li>
            <li><a href="archive">archive</a></li>
        </ul>
    </div>
</nav>
<main>

<h1>Welcome to my blog</h1>

<p>Introduction to my blog</p>

Tags: <ul><li>cooking</li><li>family</li><li>live-laugh-love</li></ul>

</main>
<footer>
    <ul>
        <li><a href="https://twitter.com/quii">Twitter</a></li>
        <li><a href="https://github.com/quii">GitHub</a></li>
    </ul>
</footer>
</body>
</html>
